Main Memory Contents:

0		: 80
1		: 70
2		: 60
3		: 50
4		: 40
5		: 30
6		: 20
7		: 10

0   : 2
1   : 2
2   : 2
3   : 1
4   : 1
5   : 2
6   : 1
7   : 2
8   : 2
9   : 2
10  : 3